// Jest Snapshot v1, https://goo.gl/fbAQLP

exports[`can be clicked for callback 1`] = `null`;
